// Jest Snapshot v1, https://goo.gl/fbAQLP

exports[`should allow the user to log in 1`] = `
<div>
  <h3>
    You must log in to view the page at 
    /
  </h3>
  <form
    class="loginForm"
  >
    <label>
      Email
      <input
        aria-label="email"
        id="email"
        name="email"
        type="email"
        value=""
      />
       
    </label>
    <label>
      Password
      <input
        aria-label="password"
        id="password"
        name="password"
        type="password"
        value=""
      />
    </label>
    <button
      aria-label="Sign In"
      type="submit"
    >
      Sign in
    </button>
  </form>
</div>
`;
